packages/app/features/admin/components/AdminPageShell.tsx(4,10): error TS2305: Module '"@vct/ui"' has no exported member 'VCT_PageContainer'.
packages/app/features/admin/components/AdminPageShell.tsx(4,29): error TS2305: Module '"@vct/ui"' has no exported member 'VCT_StatRow'.
packages/app/features/admin/components/AdminPageShell.tsx(5,15): error TS2724: '"@vct/ui"' has no exported member named 'StatItem'. Did you mean 'TabItem'?
packages/app/features/admin/Page_admin_audit_log.tsx(6,15): error TS2724: '"@vct/ui"' has no exported member named 'StatItem'. Did you mean 'TabItem'?
packages/app/features/admin/Page_admin_clubs.tsx(9,15): error TS2724: '"@vct/ui"' has no exported member named 'StatItem'. Did you mean 'TabItem'?
packages/app/features/admin/Page_admin_cms.tsx(10,15): error TS2724: '"@vct/ui"' has no exported member named 'StatItem'. Did you mean 'TabItem'?
packages/app/features/admin/Page_admin_dashboard.tsx(9,15): error TS2724: '"@vct/ui"' has no exported member named 'StatItem'. Did you mean 'TabItem'?
packages/app/features/admin/Page_admin_feature_flags.tsx(10,15): error TS2724: '"@vct/ui"' has no exported member named 'StatItem'. Did you mean 'TabItem'?
packages/app/features/admin/Page_admin_federation.tsx(9,15): error TS2724: '"@vct/ui"' has no exported member named 'StatItem'. Did you mean 'TabItem'?
packages/app/features/admin/Page_admin_finance.tsx(9,15): error TS2724: '"@vct/ui"' has no exported member named 'StatItem'. Did you mean 'TabItem'?
packages/app/features/admin/Page_admin_people.tsx(9,15): error TS2724: '"@vct/ui"' has no exported member named 'StatItem'. Did you mean 'TabItem'?
packages/app/features/admin/Page_admin_rankings.tsx(9,15): error TS2724: '"@vct/ui"' has no exported member named 'StatItem'. Did you mean 'TabItem'?
packages/app/features/admin/Page_admin_reference_data.tsx(10,15): error TS2724: '"@vct/ui"' has no exported member named 'StatItem'. Did you mean 'TabItem'?
packages/app/features/admin/Page_admin_roles.tsx(10,15): error TS2724: '"@vct/ui"' has no exported member named 'StatItem'. Did you mean 'TabItem'?
packages/app/features/admin/Page_admin_scoring.tsx(9,15): error TS2724: '"@vct/ui"' has no exported member named 'StatItem'. Did you mean 'TabItem'?
packages/app/features/admin/Page_admin_subscriptions.tsx(10,15): error TS2724: '"@vct/ui"' has no exported member named 'StatItem'. Did you mean 'TabItem'?
packages/app/features/admin/Page_admin_support.tsx(11,15): error TS2724: '"@vct/ui"' has no exported member named 'StatItem'. Did you mean 'TabItem'?
packages/app/features/admin/Page_admin_system.tsx(10,15): error TS2724: '"@vct/ui"' has no exported member named 'StatItem'. Did you mean 'TabItem'?
packages/app/features/admin/Page_admin_tenants.tsx(8,15): error TS2724: '"@vct/ui"' has no exported member named 'StatItem'. Did you mean 'TabItem'?
packages/app/features/admin/Page_admin_tournaments.tsx(10,15): error TS2724: '"@vct/ui"' has no exported member named 'StatItem'. Did you mean 'TabItem'?
packages/app/features/admin/Page_admin_user_detail.tsx(8,10): error TS2305: Module '"@vct/ui"' has no exported member 'VCT_SectionCard'.
packages/app/features/admin/Page_admin_user_detail.tsx(9,15): error TS2724: '"@vct/ui"' has no exported member named 'StatItem'. Did you mean 'TabItem'?
packages/app/features/admin/Page_admin_user_detail.tsx(14,10): error TS2305: Module '"@vct/ui"' has no exported member 'VCT_StatRow'.
packages/app/features/admin/Page_admin_users.tsx(21,15): error TS2724: '"@vct/ui"' has no exported member named 'StatItem'. Did you mean 'TabItem'?
packages/app/features/admin/Page_integrity.tsx(7,5): error TS2305: Module '"@vct/ui"' has no exported member 'VCT_StatRow'.
packages/app/features/admin/Page_integrity.tsx(9,15): error TS2724: '"@vct/ui"' has no exported member named 'StatItem'. Did you mean 'TabItem'?
packages/app/features/admin/Page_notifications_admin.tsx(8,5): error TS2305: Module '"@vct/ui"' has no exported member 'VCT_PageContainer'.
packages/app/features/admin/Page_notifications_admin.tsx(8,24): error TS2305: Module '"@vct/ui"' has no exported member 'VCT_StatRow'.
packages/app/features/admin/Page_notifications_admin.tsx(10,15): error TS2724: '"@vct/ui"' has no exported member named 'StatItem'. Did you mean 'TabItem'?
packages/app/features/athletes/Page_athlete_clubs.tsx(4,10): error TS2305: Module '"@vct/ui"' has no exported member 'VCT_PageContainer'.
packages/app/features/athletes/Page_athlete_clubs.tsx(65,25): error TS2322: Type '{ icon: Element; title: string; description: string; action: Element; }' is not assignable to type 'IntrinsicAttributes & VCTEmptyStateProps'.
  Property 'action' does not exist on type 'IntrinsicAttributes & VCTEmptyStateProps'. Did you mean 'onAction'?
packages/app/features/athletes/Page_athlete_elearning.tsx(4,10): error TS2305: Module '"@vct/ui"' has no exported member 'VCT_PageContainer'.
packages/app/features/athletes/Page_athlete_elearning.tsx(4,29): error TS2305: Module '"@vct/ui"' has no exported member 'VCT_SectionCard'.
packages/app/features/athletes/Page_athlete_management.tsx(4,10): error TS2305: Module '"@vct/ui"' has no exported member 'VCT_Image'.
packages/app/features/athletes/Page_athlete_management.tsx(5,10): error TS2305: Module '"@vct/ui"' has no exported member 'VCT_PageContainer'.
packages/app/features/athletes/Page_athlete_management.tsx(5,29): error TS2305: Module '"@vct/ui"' has no exported member 'VCT_SectionCard'.
packages/app/features/athletes/Page_athlete_portal.tsx(4,10): error TS2305: Module '"@vct/ui"' has no exported member 'VCT_Image'.
packages/app/features/athletes/Page_athlete_portal.tsx(5,10): error TS2305: Module '"@vct/ui"' has no exported member 'VCT_PageContainer'.
packages/app/features/athletes/Page_athlete_portal.tsx(5,29): error TS2305: Module '"@vct/ui"' has no exported member 'VCT_SectionCard'.
packages/app/features/athletes/Page_athlete_portal.tsx(5,62): error TS2305: Module '"@vct/ui"' has no exported member 'VCT_StatRow'.
packages/app/features/athletes/Page_athlete_profile.tsx(4,10): error TS2305: Module '"@vct/ui"' has no exported member 'VCT_Image'.
packages/app/features/athletes/Page_athlete_profile.tsx(5,10): error TS2305: Module '"@vct/ui"' has no exported member 'VCT_PageContainer'.
packages/app/features/athletes/Page_athlete_profile.tsx(5,29): error TS2305: Module '"@vct/ui"' has no exported member 'VCT_SectionCard'.
packages/app/features/athletes/Page_athlete_profile.tsx(5,62): error TS2305: Module '"@vct/ui"' has no exported member 'VCT_StatRow'.
packages/app/features/athletes/Page_athlete_rankings.tsx(4,10): error TS2305: Module '"@vct/ui"' has no exported member 'VCT_PageContainer'.
packages/app/features/athletes/Page_athlete_rankings.tsx(4,29): error TS2305: Module '"@vct/ui"' has no exported member 'VCT_SectionCard'.
packages/app/features/athletes/Page_athlete_rankings.tsx(4,62): error TS2305: Module '"@vct/ui"' has no exported member 'VCT_StatRow'.
packages/app/features/athletes/Page_athlete_results.tsx(4,10): error TS2305: Module '"@vct/ui"' has no exported member 'VCT_PageContainer'.
packages/app/features/athletes/Page_athlete_results.tsx(4,29): error TS2305: Module '"@vct/ui"' has no exported member 'VCT_SectionCard'.
packages/app/features/athletes/Page_athlete_tournaments.tsx(4,10): error TS2305: Module '"@vct/ui"' has no exported member 'VCT_PageContainer'.
packages/app/features/athletes/Page_athlete_tournaments.tsx(4,56): error TS2305: Module '"@vct/ui"' has no exported member 'VCT_StatRow'.
packages/app/features/athletes/Page_athlete_tournaments.tsx(5,15): error TS2724: '"@vct/ui"' has no exported member named 'StatItem'. Did you mean 'TabItem'?
packages/app/features/athletes/Page_athlete_training.tsx(4,10): error TS2305: Module '"@vct/ui"' has no exported member 'VCT_PageContainer'.
packages/app/features/athletes/Page_athlete_training.tsx(4,29): error TS2305: Module '"@vct/ui"' has no exported member 'VCT_SectionCard'.
packages/app/features/club/Page_club_attendance.tsx(19,10): error TS2305: Module '"@vct/ui"' has no exported member 'VCT_PageContainer'.
packages/app/features/club/Page_club_attendance.tsx(19,29): error TS2305: Module '"@vct/ui"' has no exported member 'VCT_StatRow'.
packages/app/features/club/Page_club_attendance.tsx(20,15): error TS2724: '"@vct/ui"' has no exported member named 'StatItem'. Did you mean 'TabItem'?
packages/app/features/club/Page_club_certifications.tsx(19,10): error TS2305: Module '"@vct/ui"' has no exported member 'VCT_PageContainer'.
packages/app/features/club/Page_club_certifications.tsx(19,29): error TS2305: Module '"@vct/ui"' has no exported member 'VCT_StatRow'.
packages/app/features/club/Page_club_certifications.tsx(20,15): error TS2724: '"@vct/ui"' has no exported member named 'StatItem'. Did you mean 'TabItem'?
packages/app/features/club/Page_club_classes.tsx(21,10): error TS2305: Module '"@vct/ui"' has no exported member 'VCT_PageContainer'.
packages/app/features/club/Page_club_classes.tsx(21,29): error TS2305: Module '"@vct/ui"' has no exported member 'VCT_StatRow'.
packages/app/features/club/Page_club_classes.tsx(22,15): error TS2724: '"@vct/ui"' has no exported member named 'StatItem'. Did you mean 'TabItem'?
packages/app/features/club/Page_club_dashboard.tsx(11,10): error TS2305: Module '"@vct/ui"' has no exported member 'VCT_PageContainer'.
packages/app/features/club/Page_club_dashboard.tsx(11,29): error TS2305: Module '"@vct/ui"' has no exported member 'VCT_StatRow'.
packages/app/features/club/Page_club_dashboard.tsx(12,15): error TS2724: '"@vct/ui"' has no exported member named 'StatItem'. Did you mean 'TabItem'?
packages/app/features/club/Page_club_equipment.tsx(18,10): error TS2305: Module '"@vct/ui"' has no exported member 'VCT_PageContainer'.
packages/app/features/club/Page_club_equipment.tsx(18,29): error TS2305: Module '"@vct/ui"' has no exported member 'VCT_StatRow'.
packages/app/features/club/Page_club_equipment.tsx(19,15): error TS2724: '"@vct/ui"' has no exported member named 'StatItem'. Did you mean 'TabItem'?
packages/app/features/club/Page_club_facilities.tsx(18,10): error TS2305: Module '"@vct/ui"' has no exported member 'VCT_PageContainer'.
packages/app/features/club/Page_club_facilities.tsx(18,29): error TS2305: Module '"@vct/ui"' has no exported member 'VCT_StatRow'.
packages/app/features/club/Page_club_facilities.tsx(19,15): error TS2724: '"@vct/ui"' has no exported member named 'StatItem'. Did you mean 'TabItem'?
packages/app/features/club/Page_club_finance.tsx(20,10): error TS2305: Module '"@vct/ui"' has no exported member 'VCT_PageContainer'.
packages/app/features/club/Page_club_finance.tsx(20,29): error TS2305: Module '"@vct/ui"' has no exported member 'VCT_StatRow'.
packages/app/features/club/Page_club_finance.tsx(21,15): error TS2724: '"@vct/ui"' has no exported member named 'StatItem'. Did you mean 'TabItem'?
packages/app/features/club/Page_club_members.tsx(21,10): error TS2305: Module '"@vct/ui"' has no exported member 'VCT_PageContainer'.
packages/app/features/club/Page_club_members.tsx(21,29): error TS2305: Module '"@vct/ui"' has no exported member 'VCT_StatRow'.
packages/app/features/club/Page_club_members.tsx(22,15): error TS2724: '"@vct/ui"' has no exported member named 'StatItem'. Did you mean 'TabItem'?
packages/app/features/club/Page_club_settings.tsx(13,10): error TS2305: Module '"@vct/ui"' has no exported member 'VCT_PageContainer'.
packages/app/features/club/Page_club_settings.tsx(13,29): error TS2305: Module '"@vct/ui"' has no exported member 'VCT_StatRow'.
packages/app/features/club/Page_club_settings.tsx(14,15): error TS2724: '"@vct/ui"' has no exported member named 'StatItem'. Did you mean 'TabItem'?
packages/app/features/club/Page_club_tournaments.tsx(20,10): error TS2305: Module '"@vct/ui"' has no exported member 'VCT_PageContainer'.
packages/app/features/club/Page_club_tournaments.tsx(20,29): error TS2305: Module '"@vct/ui"' has no exported member 'VCT_StatRow'.
packages/app/features/club/Page_club_tournaments.tsx(21,15): error TS2724: '"@vct/ui"' has no exported member named 'StatItem'. Did you mean 'TabItem'?
packages/app/features/club/Page_club_training.tsx(22,10): error TS2305: Module '"@vct/ui"' has no exported member 'VCT_PageContainer'.
packages/app/features/club/Page_club_training.tsx(22,29): error TS2305: Module '"@vct/ui"' has no exported member 'VCT_StatRow'.
packages/app/features/club/Page_club_training.tsx(23,15): error TS2724: '"@vct/ui"' has no exported member named 'StatItem'. Did you mean 'TabItem'?
packages/app/features/clubs/Page_club_detail.tsx(6,10): error TS2305: Module '"@vct/ui"' has no exported member 'VCT_PageContainer'.
packages/app/features/clubs/Page_clubs.tsx(10,25): error TS2305: Module '"@vct/ui"' has no exported member 'VCT_PageContainer'.
packages/app/features/clubs/Page_clubs.tsx(10,44): error TS2305: Module '"@vct/ui"' has no exported member 'VCT_PageHeader'.
packages/app/features/clubs/Page_clubs.tsx(10,60): error TS2305: Module '"@vct/ui"' has no exported member 'VCT_PageToolbar'.
packages/app/features/clubs/Page_clubs.tsx(11,5): error TS2305: Module '"@vct/ui"' has no exported member 'VCT_StatRow'.
packages/app/features/clubs/Page_clubs.tsx(13,15): error TS2724: '"@vct/ui"' has no exported member named 'StatItem'. Did you mean 'TabItem'?
packages/app/features/community/Page_community.tsx(8,10): error TS2305: Module '"@vct/ui"' has no exported member 'VCT_PageContainer'.
packages/app/features/community/Page_community.tsx(8,29): error TS2305: Module '"@vct/ui"' has no exported member 'VCT_PageHero'.
packages/app/features/community/Page_community.tsx(8,43): error TS2305: Module '"@vct/ui"' has no exported member 'VCT_StatRow'.
packages/app/features/community/Page_community.tsx(9,15): error TS2724: '"@vct/ui"' has no exported member named 'StatItem'. Did you mean 'TabItem'?
packages/app/features/community/Page_marketplace.tsx(7,5): error TS2305: Module '"@vct/ui"' has no exported member 'VCT_PageContainer'.
packages/app/features/community/Page_marketplace.tsx(7,24): error TS2305: Module '"@vct/ui"' has no exported member 'VCT_StatRow'.
packages/app/features/community/Page_marketplace.tsx(9,15): error TS2724: '"@vct/ui"' has no exported member named 'StatItem'. Did you mean 'TabItem'?
packages/app/features/components/VCT_CommandPalette.tsx(15,27): error TS2307: Cannot find module './vct-icons' or its corresponding type declarations.
packages/app/features/dashboard/Page_command_center.tsx(5,10): error TS2305: Module '"@vct/ui"' has no exported member 'VCT_PageContainer'.
packages/app/features/dashboard/Page_command_center.tsx(5,29): error TS2305: Module '"@vct/ui"' has no exported member 'VCT_PageHero'.
packages/app/features/dashboard/Page_command_center.tsx(5,43): error TS2305: Module '"@vct/ui"' has no exported member 'VCT_SectionCard'.
packages/app/features/dashboard/Page_command_center.tsx(5,60): error TS2305: Module '"@vct/ui"' has no exported member 'VCT_StatRow'.
packages/app/features/dashboard/Page_command_center.tsx(8,15): error TS2724: '"@vct/ui"' has no exported member named 'StatItem'. Did you mean 'TabItem'?
packages/app/features/federation/Page_approval_detail.tsx(9,10): error TS2305: Module '"@vct/ui"' has no exported member 'VCT_PageContainer'.
packages/app/features/federation/Page_discipline_dashboard.tsx(5,10): error TS2305: Module '"@vct/ui"' has no exported member 'VCT_PageContainer'.
packages/app/features/federation/Page_discipline_dashboard.tsx(5,29): error TS2305: Module '"@vct/ui"' has no exported member 'VCT_StatRow'.
packages/app/features/federation/Page_discipline_dashboard.tsx(6,15): error TS2724: '"@vct/ui"' has no exported member named 'StatItem'. Did you mean 'TabItem'?
packages/app/features/federation/Page_federation_approvals.tsx(7,10): error TS2305: Module '"@vct/ui"' has no exported member 'VCT_PageContainer'.
packages/app/features/federation/Page_federation_approvals.tsx(7,29): error TS2305: Module '"@vct/ui"' has no exported member 'VCT_StatRow'.
packages/app/features/federation/Page_federation_approvals.tsx(8,15): error TS2724: '"@vct/ui"' has no exported member named 'StatItem'. Did you mean 'TabItem'?
packages/app/features/federation/Page_federation_approvals.tsx(12,10): error TS2305: Module '"@vct/ui"' has no exported member 'VCT_DigitalSignature'.
packages/app/features/federation/Page_federation_budget.tsx(4,10): error TS2305: Module '"@vct/ui"' has no exported member 'VCT_PageContainer'.
packages/app/features/federation/Page_federation_budget.tsx(4,29): error TS2305: Module '"@vct/ui"' has no exported member 'VCT_PageHero'.
packages/app/features/federation/Page_federation_calendar.tsx(6,5): error TS2305: Module '"@vct/ui"' has no exported member 'VCT_PageContainer'.
packages/app/features/federation/Page_federation_calendar.tsx(6,24): error TS2305: Module '"@vct/ui"' has no exported member 'VCT_StatRow'.
packages/app/features/federation/Page_federation_calendar.tsx(8,15): error TS2724: '"@vct/ui"' has no exported member named 'StatItem'. Did you mean 'TabItem'?
packages/app/features/federation/Page_federation_certifications.tsx(7,10): error TS2305: Module '"@vct/ui"' has no exported member 'VCT_PageContainer'.
packages/app/features/federation/Page_federation_certifications.tsx(7,29): error TS2305: Module '"@vct/ui"' has no exported member 'VCT_StatRow'.
packages/app/features/federation/Page_federation_certifications.tsx(8,15): error TS2724: '"@vct/ui"' has no exported member named 'StatItem'. Did you mean 'TabItem'?
packages/app/features/federation/Page_federation_dashboard.tsx(8,5): error TS2305: Module '"@vct/ui"' has no exported member 'VCT_PageContainer'.
packages/app/features/federation/Page_federation_dashboard.tsx(8,24): error TS2305: Module '"@vct/ui"' has no exported member 'VCT_StatRow'.
packages/app/features/federation/Page_federation_dashboard.tsx(10,15): error TS2724: '"@vct/ui"' has no exported member named 'StatItem'. Did you mean 'TabItem'?
packages/app/features/federation/Page_federation_discipline.tsx(6,10): error TS2305: Module '"@vct/ui"' has no exported member 'VCT_PageContainer'.
packages/app/features/federation/Page_federation_discipline.tsx(6,29): error TS2305: Module '"@vct/ui"' has no exported member 'VCT_StatRow'.
packages/app/features/federation/Page_federation_discipline.tsx(7,15): error TS2724: '"@vct/ui"' has no exported member named 'StatItem'. Did you mean 'TabItem'?
packages/app/features/federation/Page_federation_documents.tsx(10,10): error TS2305: Module '"@vct/ui"' has no exported member 'VCT_PageContainer'.
packages/app/features/federation/Page_federation_documents.tsx(10,29): error TS2305: Module '"@vct/ui"' has no exported member 'VCT_StatRow'.
packages/app/features/federation/Page_federation_documents.tsx(11,15): error TS2724: '"@vct/ui"' has no exported member named 'StatItem'. Did you mean 'TabItem'?
packages/app/features/federation/Page_federation_fees.tsx(4,10): error TS2305: Module '"@vct/ui"' has no exported member 'VCT_PageContainer'.
packages/app/features/federation/Page_federation_fees.tsx(4,29): error TS2305: Module '"@vct/ui"' has no exported member 'VCT_PageHero'.
packages/app/features/federation/Page_federation_finance.tsx(9,10): error TS2305: Module '"@vct/ui"' has no exported member 'VCT_PageContainer'.
packages/app/features/federation/Page_federation_finance.tsx(9,29): error TS2305: Module '"@vct/ui"' has no exported member 'VCT_PageHero'.
packages/app/features/federation/Page_federation_international.tsx(6,27): error TS2305: Module '"@vct/ui"' has no exported member 'VCT_PageContainer'.
packages/app/features/federation/Page_federation_international.tsx(6,46): error TS2305: Module '"@vct/ui"' has no exported member 'VCT_StatRow'.
packages/app/features/federation/Page_federation_international.tsx(8,15): error TS2724: '"@vct/ui"' has no exported member named 'StatItem'. Did you mean 'TabItem'?
packages/app/features/federation/Page_federation_invoices.tsx(5,10): error TS2305: Module '"@vct/ui"' has no exported member 'VCT_PageContainer'.
packages/app/features/federation/Page_federation_invoices.tsx(5,29): error TS2305: Module '"@vct/ui"' has no exported member 'VCT_PageHero'.
packages/app/features/federation/Page_federation_notifications.tsx(4,10): error TS2305: Module '"@vct/ui"' has no exported member 'VCT_PageContainer'.
packages/app/features/federation/Page_federation_notifications.tsx(4,29): error TS2305: Module '"@vct/ui"' has no exported member 'VCT_PageHero'.
packages/app/features/federation/Page_federation_org_chart.tsx(5,10): error TS2305: Module '"@vct/ui"' has no exported member 'VCT_PageContainer'.
packages/app/features/federation/Page_federation_org_chart.tsx(5,29): error TS2305: Module '"@vct/ui"' has no exported member 'VCT_StatRow'.
packages/app/features/federation/Page_federation_org_chart.tsx(6,15): error TS2724: '"@vct/ui"' has no exported member named 'StatItem'. Did you mean 'TabItem'?
packages/app/features/federation/Page_federation_organizations.tsx(9,10): error TS2305: Module '"@vct/ui"' has no exported member 'VCT_PageContainer'.
packages/app/features/federation/Page_federation_organizations.tsx(9,29): error TS2305: Module '"@vct/ui"' has no exported member 'VCT_PageHero'.
packages/app/features/federation/Page_federation_personnel.tsx(7,21): error TS2305: Module '"@vct/ui"' has no exported member 'VCT_PageContainer'.
packages/app/features/federation/Page_federation_personnel.tsx(7,40): error TS2305: Module '"@vct/ui"' has no exported member 'VCT_StatRow'.
packages/app/features/federation/Page_federation_personnel.tsx(9,15): error TS2724: '"@vct/ui"' has no exported member named 'StatItem'. Did you mean 'TabItem'?
packages/app/features/federation/Page_federation_pr.tsx(6,27): error TS2305: Module '"@vct/ui"' has no exported member 'VCT_PageContainer'.
packages/app/features/federation/Page_federation_pr.tsx(6,46): error TS2305: Module '"@vct/ui"' has no exported member 'VCT_StatRow'.
packages/app/features/federation/Page_federation_pr.tsx(8,15): error TS2724: '"@vct/ui"' has no exported member named 'StatItem'. Did you mean 'TabItem'?
packages/app/features/federation/Page_federation_provinces.tsx(8,5): error TS2305: Module '"@vct/ui"' has no exported member 'VCT_PageContainer'.
packages/app/features/federation/Page_federation_provinces.tsx(8,24): error TS2305: Module '"@vct/ui"' has no exported member 'VCT_StatRow'.
packages/app/features/federation/Page_federation_provinces.tsx(10,15): error TS2724: '"@vct/ui"' has no exported member named 'StatItem'. Did you mean 'TabItem'?
packages/app/features/federation/Page_federation_sponsorship.tsx(4,10): error TS2305: Module '"@vct/ui"' has no exported member 'VCT_PageContainer'.
packages/app/features/federation/Page_federation_sponsorship.tsx(4,29): error TS2305: Module '"@vct/ui"' has no exported member 'VCT_PageHero'.
packages/app/features/federation/Page_federation_workflow_config.tsx(6,27): error TS2305: Module '"@vct/ui"' has no exported member 'VCT_PageContainer'.
packages/app/features/federation/Page_federation_workflow_config.tsx(6,46): error TS2305: Module '"@vct/ui"' has no exported member 'VCT_StatRow'.
packages/app/features/federation/Page_federation_workflow_config.tsx(8,15): error TS2724: '"@vct/ui"' has no exported member named 'StatItem'. Did you mean 'TabItem'?
packages/app/features/federation/Page_pending_approvals.tsx(9,10): error TS2305: Module '"@vct/ui"' has no exported member 'VCT_PageContainer'.
packages/app/features/federation/Page_pending_approvals.tsx(9,29): error TS2305: Module '"@vct/ui"' has no exported member 'VCT_PageHero'.
packages/app/features/federation/Page_province_athletes.tsx(4,10): error TS2305: Module '"@vct/ui"' has no exported member 'VCT_PageContainer'.
packages/app/features/federation/Page_province_athletes.tsx(4,29): error TS2305: Module '"@vct/ui"' has no exported member 'VCT_StatRow'.
packages/app/features/federation/Page_province_athletes.tsx(5,15): error TS2724: '"@vct/ui"' has no exported member named 'StatItem'. Did you mean 'TabItem'?
packages/app/features/federation/Page_province_clubs.tsx(4,10): error TS2305: Module '"@vct/ui"' has no exported member 'VCT_PageContainer'.
packages/app/features/federation/Page_province_clubs.tsx(4,29): error TS2305: Module '"@vct/ui"' has no exported member 'VCT_StatRow'.
packages/app/features/federation/Page_province_clubs.tsx(5,15): error TS2724: '"@vct/ui"' has no exported member named 'StatItem'. Did you mean 'TabItem'?
packages/app/features/federation/Page_province_coaches.tsx(4,10): error TS2305: Module '"@vct/ui"' has no exported member 'VCT_PageContainer'.
packages/app/features/federation/Page_province_coaches.tsx(4,29): error TS2305: Module '"@vct/ui"' has no exported member 'VCT_StatRow'.
packages/app/features/federation/Page_province_coaches.tsx(5,15): error TS2724: '"@vct/ui"' has no exported member named 'StatItem'. Did you mean 'TabItem'?
packages/app/features/federation/Page_province_reports.tsx(4,10): error TS2305: Module '"@vct/ui"' has no exported member 'VCT_PageContainer'.
packages/app/features/federation/Page_province_reports.tsx(4,29): error TS2305: Module '"@vct/ui"' has no exported member 'VCT_StatRow'.
packages/app/features/federation/Page_province_reports.tsx(5,15): error TS2724: '"@vct/ui"' has no exported member named 'StatItem'. Did you mean 'TabItem'?
packages/app/features/federation/Page_province_tournaments.tsx(4,10): error TS2305: Module '"@vct/ui"' has no exported member 'VCT_PageContainer'.
packages/app/features/federation/Page_province_tournaments.tsx(4,29): error TS2305: Module '"@vct/ui"' has no exported member 'VCT_StatRow'.
packages/app/features/federation/Page_province_tournaments.tsx(5,15): error TS2724: '"@vct/ui"' has no exported member named 'StatItem'. Did you mean 'TabItem'?
packages/app/features/federation/Page_provincial_dashboard.tsx(5,10): error TS2305: Module '"@vct/ui"' has no exported member 'VCT_PageContainer'.
packages/app/features/federation/Page_provincial_dashboard.tsx(5,29): error TS2305: Module '"@vct/ui"' has no exported member 'VCT_StatRow'.
packages/app/features/federation/Page_provincial_dashboard.tsx(6,15): error TS2724: '"@vct/ui"' has no exported member named 'StatItem'. Did you mean 'TabItem'?
packages/app/features/federation/Page_submit_approval.tsx(8,10): error TS2305: Module '"@vct/ui"' has no exported member 'VCT_PageContainer'.
packages/app/features/federation/Page_submit_approval.tsx(8,29): error TS2305: Module '"@vct/ui"' has no exported member 'VCT_PageHero'.
packages/app/features/federation/Page_workflow_config.tsx(9,10): error TS2305: Module '"@vct/ui"' has no exported member 'VCT_PageContainer'.
packages/app/features/finance/Page_finance.tsx(9,10): error TS2305: Module '"@vct/ui"' has no exported member 'VCT_PageContainer'.
packages/app/features/finance/Page_finance.tsx(9,29): error TS2305: Module '"@vct/ui"' has no exported member 'VCT_PageHero'.
packages/app/features/finance/Page_finance.tsx(9,43): error TS2305: Module '"@vct/ui"' has no exported member 'VCT_SectionCard'.
packages/app/features/finance/Page_finance.tsx(9,60): error TS2305: Module '"@vct/ui"' has no exported member 'VCT_StatRow'.
packages/app/features/finance/Page_finance.tsx(10,15): error TS2724: '"@vct/ui"' has no exported member named 'StatItem'. Did you mean 'TabItem'?
packages/app/features/finance/Page_finance_fees.tsx(9,10): error TS2305: Module '"@vct/ui"' has no exported member 'VCT_PageContainer'.
packages/app/features/finance/Page_finance_fees.tsx(9,29): error TS2305: Module '"@vct/ui"' has no exported member 'VCT_StatRow'.
packages/app/features/finance/Page_finance_fees.tsx(10,15): error TS2724: '"@vct/ui"' has no exported member named 'StatItem'. Did you mean 'TabItem'?
packages/app/features/finance/Page_finance_subscriptions.tsx(7,5): error TS2305: Module '"@vct/ui"' has no exported member 'VCT_PageContainer'.
packages/app/features/finance/Page_finance_subscriptions.tsx(7,24): error TS2305: Module '"@vct/ui"' has no exported member 'VCT_PageHero'.
packages/app/features/finance/Page_finance_subscriptions.tsx(7,38): error TS2305: Module '"@vct/ui"' has no exported member 'VCT_StatRow'.
packages/app/features/finance/Page_finance_subscriptions.tsx(10,15): error TS2724: '"@vct/ui"' has no exported member named 'StatItem'. Did you mean 'TabItem'?
packages/app/features/heritage/Page_heritage.tsx(8,10): error TS2305: Module '"@vct/ui"' has no exported member 'VCT_PageContainer'.
packages/app/features/heritage/Page_heritage.tsx(8,29): error TS2305: Module '"@vct/ui"' has no exported member 'VCT_PageHero'.
packages/app/features/heritage/Page_heritage.tsx(8,43): error TS2305: Module '"@vct/ui"' has no exported member 'VCT_StatRow'.
packages/app/features/heritage/Page_heritage.tsx(9,15): error TS2724: '"@vct/ui"' has no exported member named 'StatItem'. Did you mean 'TabItem'?
packages/app/features/marketplace/Page_marketplace.tsx(9,3): error TS2305: Module '"@vct/ui"' has no exported member 'VCT_PageContainer'.
packages/app/features/marketplace/Page_marketplace.tsx(10,3): error TS2305: Module '"@vct/ui"' has no exported member 'VCT_PageHero'.
packages/app/features/marketplace/Page_marketplace.tsx(13,3): error TS2305: Module '"@vct/ui"' has no exported member 'VCT_StatRow'.
packages/app/features/marketplace/Page_marketplace_product.tsx(13,3): error TS2305: Module '"@vct/ui"' has no exported member 'VCT_PageContainer'.
packages/app/features/organizations/Page_organization_detail.tsx(6,10): error TS2305: Module '"@vct/ui"' has no exported member 'VCT_PageContainer'.
packages/app/features/organizations/Page_organizations.tsx(12,10): error TS2305: Module '"@vct/ui"' has no exported member 'VCT_PageContainer'.
packages/app/features/organizations/Page_organizations.tsx(12,29): error TS2305: Module '"@vct/ui"' has no exported member 'VCT_StatRow'.
packages/app/features/organizations/Page_organizations.tsx(13,15): error TS2724: '"@vct/ui"' has no exported member named 'StatItem'. Did you mean 'TabItem'?
packages/app/features/people/Page_athlete_profile.tsx(5,5): error TS2305: Module '"@vct/ui"' has no exported member 'VCT_PageContainer'.
packages/app/features/people/Page_athlete_profile.tsx(5,24): error TS2305: Module '"@vct/ui"' has no exported member 'VCT_PageHero'.
packages/app/features/people/Page_athlete_profile.tsx(5,38): error TS2305: Module '"@vct/ui"' has no exported member 'VCT_SectionCard'.
packages/app/features/people/Page_athlete_profile.tsx(6,21): error TS2305: Module '"@vct/ui"' has no exported member 'VCT_StatRow'.
packages/app/features/people/Page_athlete_profile.tsx(8,15): error TS2724: '"@vct/ui"' has no exported member named 'StatItem'. Did you mean 'TabItem'?
packages/app/features/people/Page_coach_profile.tsx(8,10): error TS2305: Module '"@vct/ui"' has no exported member 'VCT_PageContainer'.
packages/app/features/people/Page_coaches.tsx(9,10): error TS2305: Module '"@vct/ui"' has no exported member 'VCT_PageContainer'.
packages/app/features/people/Page_coaches.tsx(9,29): error TS2305: Module '"@vct/ui"' has no exported member 'VCT_PageHero'.
packages/app/features/people/Page_coaches.tsx(9,43): error TS2305: Module '"@vct/ui"' has no exported member 'VCT_StatRow'.
packages/app/features/people/Page_coaches.tsx(10,15): error TS2724: '"@vct/ui"' has no exported member named 'StatItem'. Did you mean 'TabItem'?
packages/app/features/people/Page_people.tsx(8,10): error TS2305: Module '"@vct/ui"' has no exported member 'VCT_PageContainer'.
packages/app/features/people/Page_people.tsx(8,29): error TS2305: Module '"@vct/ui"' has no exported member 'VCT_PageHero'.
packages/app/features/people/Page_people.tsx(8,43): error TS2305: Module '"@vct/ui"' has no exported member 'VCT_SectionCard'.
packages/app/features/people/Page_people.tsx(8,60): error TS2305: Module '"@vct/ui"' has no exported member 'VCT_StatRow'.
packages/app/features/people/Page_people.tsx(10,15): error TS2724: '"@vct/ui"' has no exported member named 'StatItem'. Did you mean 'TabItem'?
packages/app/features/people/Page_referee_profile.tsx(6,10): error TS2305: Module '"@vct/ui"' has no exported member 'VCT_PageContainer'.
packages/app/features/people/Page_referees.tsx(9,10): error TS2305: Module '"@vct/ui"' has no exported member 'VCT_PageContainer'.
packages/app/features/people/Page_referees.tsx(9,29): error TS2305: Module '"@vct/ui"' has no exported member 'VCT_PageHero'.
packages/app/features/people/Page_referees.tsx(9,43): error TS2305: Module '"@vct/ui"' has no exported member 'VCT_SectionCard'.
packages/app/features/people/Page_referees.tsx(9,60): error TS2305: Module '"@vct/ui"' has no exported member 'VCT_StatRow'.
packages/app/features/people/Page_referees.tsx(10,15): error TS2724: '"@vct/ui"' has no exported member named 'StatItem'. Did you mean 'TabItem'?
packages/app/features/provincial/Page_club_internal.tsx(6,10): error TS2305: Module '"@vct/ui"' has no exported member 'VCT_PageContainer'.
packages/app/features/provincial/Page_club_internal.tsx(6,29): error TS2305: Module '"@vct/ui"' has no exported member 'VCT_StatRow'.
packages/app/features/provincial/Page_club_internal.tsx(7,15): error TS2724: '"@vct/ui"' has no exported member named 'StatItem'. Did you mean 'TabItem'?
packages/app/features/provincial/Page_provincial_associations.tsx(10,10): error TS2305: Module '"@vct/ui"' has no exported member 'VCT_PageContainer'.
packages/app/features/provincial/Page_provincial_associations.tsx(10,29): error TS2305: Module '"@vct/ui"' has no exported member 'VCT_StatRow'.
packages/app/features/provincial/Page_provincial_associations.tsx(11,15): error TS2724: '"@vct/ui"' has no exported member named 'StatItem'. Did you mean 'TabItem'?
packages/app/features/provincial/Page_provincial_athletes.tsx(6,10): error TS2305: Module '"@vct/ui"' has no exported member 'VCT_PageContainer'.
packages/app/features/provincial/Page_provincial_athletes.tsx(6,29): error TS2305: Module '"@vct/ui"' has no exported member 'VCT_StatRow'.
packages/app/features/provincial/Page_provincial_athletes.tsx(7,15): error TS2724: '"@vct/ui"' has no exported member named 'StatItem'. Did you mean 'TabItem'?
packages/app/features/provincial/Page_provincial_certifications.tsx(6,10): error TS2305: Module '"@vct/ui"' has no exported member 'VCT_PageContainer'.
packages/app/features/provincial/Page_provincial_certifications.tsx(6,29): error TS2305: Module '"@vct/ui"' has no exported member 'VCT_StatRow'.
packages/app/features/provincial/Page_provincial_certifications.tsx(7,15): error TS2724: '"@vct/ui"' has no exported member named 'StatItem'. Did you mean 'TabItem'?
packages/app/features/provincial/Page_provincial_clubs.tsx(10,10): error TS2305: Module '"@vct/ui"' has no exported member 'VCT_PageContainer'.
packages/app/features/provincial/Page_provincial_clubs.tsx(10,29): error TS2305: Module '"@vct/ui"' has no exported member 'VCT_StatRow'.
packages/app/features/provincial/Page_provincial_clubs.tsx(11,15): error TS2724: '"@vct/ui"' has no exported member named 'StatItem'. Did you mean 'TabItem'?
packages/app/features/provincial/Page_provincial_coaches.tsx(6,10): error TS2305: Module '"@vct/ui"' has no exported member 'VCT_PageContainer'.
packages/app/features/provincial/Page_provincial_coaches.tsx(6,29): error TS2305: Module '"@vct/ui"' has no exported member 'VCT_StatRow'.
packages/app/features/provincial/Page_provincial_coaches.tsx(7,15): error TS2724: '"@vct/ui"' has no exported member named 'StatItem'. Did you mean 'TabItem'?
packages/app/features/provincial/Page_provincial_dashboard.tsx(9,10): error TS2305: Module '"@vct/ui"' has no exported member 'VCT_PageContainer'.
packages/app/features/provincial/Page_provincial_dashboard.tsx(9,29): error TS2305: Module '"@vct/ui"' has no exported member 'VCT_StatRow'.
packages/app/features/provincial/Page_provincial_dashboard.tsx(10,15): error TS2724: '"@vct/ui"' has no exported member named 'StatItem'. Did you mean 'TabItem'?
packages/app/features/provincial/Page_provincial_discipline.tsx(6,10): error TS2305: Module '"@vct/ui"' has no exported member 'VCT_PageContainer'.
packages/app/features/provincial/Page_provincial_discipline.tsx(6,29): error TS2305: Module '"@vct/ui"' has no exported member 'VCT_StatRow'.
packages/app/features/provincial/Page_provincial_discipline.tsx(7,15): error TS2724: '"@vct/ui"' has no exported member named 'StatItem'. Did you mean 'TabItem'?
packages/app/features/provincial/Page_provincial_documents.tsx(6,10): error TS2305: Module '"@vct/ui"' has no exported member 'VCT_PageContainer'.
packages/app/features/provincial/Page_provincial_documents.tsx(6,29): error TS2305: Module '"@vct/ui"' has no exported member 'VCT_StatRow'.
packages/app/features/provincial/Page_provincial_documents.tsx(7,15): error TS2724: '"@vct/ui"' has no exported member named 'StatItem'. Did you mean 'TabItem'?
packages/app/features/provincial/Page_provincial_finance.tsx(6,10): error TS2305: Module '"@vct/ui"' has no exported member 'VCT_PageContainer'.
packages/app/features/provincial/Page_provincial_finance.tsx(6,29): error TS2305: Module '"@vct/ui"' has no exported member 'VCT_StatRow'.
packages/app/features/provincial/Page_provincial_finance.tsx(7,15): error TS2724: '"@vct/ui"' has no exported member named 'StatItem'. Did you mean 'TabItem'?
packages/app/features/provincial/Page_provincial_personnel.tsx(6,10): error TS2305: Module '"@vct/ui"' has no exported member 'VCT_PageContainer'.
packages/app/features/provincial/Page_provincial_personnel.tsx(6,29): error TS2305: Module '"@vct/ui"' has no exported member 'VCT_StatRow'.
packages/app/features/provincial/Page_provincial_personnel.tsx(7,15): error TS2724: '"@vct/ui"' has no exported member named 'StatItem'. Did you mean 'TabItem'?
packages/app/features/provincial/Page_provincial_referees.tsx(6,10): error TS2305: Module '"@vct/ui"' has no exported member 'VCT_PageContainer'.
packages/app/features/provincial/Page_provincial_referees.tsx(6,29): error TS2305: Module '"@vct/ui"' has no exported member 'VCT_StatRow'.
packages/app/features/provincial/Page_provincial_referees.tsx(7,15): error TS2724: '"@vct/ui"' has no exported member named 'StatItem'. Did you mean 'TabItem'?
packages/app/features/provincial/Page_provincial_reports.tsx(4,10): error TS2305: Module '"@vct/ui"' has no exported member 'VCT_PageContainer'.
packages/app/features/provincial/Page_provincial_reports.tsx(4,29): error TS2305: Module '"@vct/ui"' has no exported member 'VCT_StatRow'.
packages/app/features/provincial/Page_provincial_reports.tsx(5,15): error TS2724: '"@vct/ui"' has no exported member named 'StatItem'. Did you mean 'TabItem'?
packages/app/features/provincial/Page_provincial_sub_associations.tsx(10,10): error TS2305: Module '"@vct/ui"' has no exported member 'VCT_PageContainer'.
packages/app/features/provincial/Page_provincial_sub_associations.tsx(10,29): error TS2305: Module '"@vct/ui"' has no exported member 'VCT_StatRow'.
packages/app/features/provincial/Page_provincial_sub_associations.tsx(11,15): error TS2724: '"@vct/ui"' has no exported member named 'StatItem'. Did you mean 'TabItem'?
packages/app/features/provincial/Page_provincial_tournaments.tsx(6,10): error TS2305: Module '"@vct/ui"' has no exported member 'VCT_PageContainer'.
packages/app/features/provincial/Page_provincial_tournaments.tsx(6,29): error TS2305: Module '"@vct/ui"' has no exported member 'VCT_StatRow'.
packages/app/features/provincial/Page_provincial_tournaments.tsx(7,15): error TS2724: '"@vct/ui"' has no exported member named 'StatItem'. Did you mean 'TabItem'?
packages/app/features/provincial/Page_provincial_vo_sinh.tsx(6,10): error TS2305: Module '"@vct/ui"' has no exported member 'VCT_PageContainer'.
packages/app/features/provincial/Page_provincial_vo_sinh.tsx(6,29): error TS2305: Module '"@vct/ui"' has no exported member 'VCT_StatRow'.
packages/app/features/provincial/Page_provincial_vo_sinh.tsx(7,15): error TS2724: '"@vct/ui"' has no exported member named 'StatItem'. Did you mean 'TabItem'?
packages/app/features/rankings/Page_rankings.tsx(8,5): error TS2305: Module '"@vct/ui"' has no exported member 'VCT_PageContainer'.
packages/app/features/rankings/Page_rankings.tsx(8,24): error TS2305: Module '"@vct/ui"' has no exported member 'VCT_PageHeader'.
packages/app/features/rankings/Page_rankings.tsx(10,10): error TS2305: Module '"@vct/ui"' has no exported member 'VCT_StatRow'.
packages/app/features/rankings/Page_rankings.tsx(11,15): error TS2724: '"@vct/ui"' has no exported member named 'StatItem'. Did you mean 'TabItem'?
packages/app/features/settings/Page_settings.tsx(6,10): error TS2305: Module '"@vct/ui"' has no exported member 'VCT_PageContainer'.
packages/app/features/tournament/bracket/Page_bracket_templates.tsx(6,5): error TS2305: Module '"@vct/ui"' has no exported member 'VCT_PageContainer'.
packages/app/features/tournament/bracket/Page_bracket_templates.tsx(6,56): error TS2305: Module '"@vct/ui"' has no exported member 'VCT_StatRow'.
packages/app/features/tournament/bracket/Page_bracket_templates.tsx(8,15): error TS2724: '"@vct/ui"' has no exported member named 'StatItem'. Did you mean 'TabItem'?
packages/app/features/tournament/Page_appeals.tsx(10,10): error TS2305: Module '"@vct/ui"' has no exported member 'VCT_PageContainer'.
packages/app/features/tournament/Page_appeals.tsx(10,29): error TS2305: Module '"@vct/ui"' has no exported member 'VCT_StatRow'.
packages/app/features/tournament/Page_appeals.tsx(11,15): error TS2724: '"@vct/ui"' has no exported member named 'StatItem'. Did you mean 'TabItem'?
packages/app/features/tournament/Page_athletes.tsx(10,10): error TS2305: Module '"@vct/ui"' has no exported member 'VCT_PageContainer'.
packages/app/features/tournament/Page_athletes.tsx(10,29): error TS2305: Module '"@vct/ui"' has no exported member 'VCT_StatRow'.
packages/app/features/tournament/Page_athletes.tsx(11,15): error TS2724: '"@vct/ui"' has no exported member named 'StatItem'. Did you mean 'TabItem'?
packages/app/features/tournament/Page_boc_tham.tsx(10,10): error TS2305: Module '"@vct/ui"' has no exported member 'VCT_PageContainer'.
packages/app/features/tournament/Page_boc_tham.tsx(10,29): error TS2305: Module '"@vct/ui"' has no exported member 'VCT_StatRow'.
packages/app/features/tournament/Page_boc_tham.tsx(11,15): error TS2724: '"@vct/ui"' has no exported member named 'StatItem'. Did you mean 'TabItem'?
packages/app/features/tournament/Page_bracket.tsx(7,10): error TS2305: Module '"@vct/ui"' has no exported member 'VCT_PageContainer'.
packages/app/features/tournament/Page_bracket.tsx(7,29): error TS2305: Module '"@vct/ui"' has no exported member 'VCT_StatRow'.
packages/app/features/tournament/Page_bracket.tsx(8,15): error TS2724: '"@vct/ui"' has no exported member named 'StatItem'. Did you mean 'TabItem'?
packages/app/features/tournament/Page_combat.tsx(9,10): error TS2305: Module '"@vct/ui"' has no exported member 'VCT_PageContainer'.
packages/app/features/tournament/Page_combat.tsx(9,29): error TS2305: Module '"@vct/ui"' has no exported member 'VCT_StatRow'.
packages/app/features/tournament/Page_combat.tsx(10,15): error TS2724: '"@vct/ui"' has no exported member named 'StatItem'. Did you mean 'TabItem'?
packages/app/features/tournament/Page_dashboard.tsx(10,10): error TS2305: Module '"@vct/ui"' has no exported member 'VCT_PageContainer'.
packages/app/features/tournament/Page_dashboard.tsx(10,29): error TS2305: Module '"@vct/ui"' has no exported member 'VCT_PageHero'.
packages/app/features/tournament/Page_dashboard.tsx(10,43): error TS2305: Module '"@vct/ui"' has no exported member 'VCT_SectionCard'.
packages/app/features/tournament/Page_dashboard.tsx(10,60): error TS2305: Module '"@vct/ui"' has no exported member 'VCT_StatRow'.
packages/app/features/tournament/Page_dashboard.tsx(17,15): error TS2724: '"@vct/ui"' has no exported member named 'StatItem'. Did you mean 'TabItem'?
packages/app/features/tournament/Page_forms.tsx(10,10): error TS2305: Module '"@vct/ui"' has no exported member 'VCT_PageContainer'.
packages/app/features/tournament/Page_forms.tsx(10,29): error TS2305: Module '"@vct/ui"' has no exported member 'VCT_StatRow'.
packages/app/features/tournament/Page_forms.tsx(11,15): error TS2724: '"@vct/ui"' has no exported member named 'StatItem'. Did you mean 'TabItem'?
packages/app/features/tournament/Page_giai_dau.tsx(10,10): error TS2305: Module '"@vct/ui"' has no exported member 'VCT_StatRow'.
packages/app/features/tournament/Page_giai_dau.tsx(11,15): error TS2724: '"@vct/ui"' has no exported member named 'StatItem'. Did you mean 'TabItem'?
packages/app/features/tournament/Page_medals.tsx(9,10): error TS2305: Module '"@vct/ui"' has no exported member 'VCT_PageContainer'.
packages/app/features/tournament/Page_medals.tsx(9,29): error TS2305: Module '"@vct/ui"' has no exported member 'VCT_PageHero'.
packages/app/features/tournament/Page_medals.tsx(9,43): error TS2305: Module '"@vct/ui"' has no exported member 'VCT_SectionCard'.
packages/app/features/tournament/Page_medals.tsx(9,60): error TS2305: Module '"@vct/ui"' has no exported member 'VCT_StatRow'.
packages/app/features/tournament/Page_medals.tsx(10,15): error TS2724: '"@vct/ui"' has no exported member named 'StatItem'. Did you mean 'TabItem'?
packages/app/features/tournament/Page_referee_assignments.tsx(10,10): error TS2305: Module '"@vct/ui"' has no exported member 'VCT_PageContainer'.
packages/app/features/tournament/Page_referee_assignments.tsx(10,29): error TS2305: Module '"@vct/ui"' has no exported member 'VCT_StatRow'.
packages/app/features/tournament/Page_referee_assignments.tsx(11,15): error TS2724: '"@vct/ui"' has no exported member named 'StatItem'. Did you mean 'TabItem'?
packages/app/features/tournament/Page_referees.tsx(11,10): error TS2305: Module '"@vct/ui"' has no exported member 'VCT_PageContainer'.
packages/app/features/tournament/Page_referees.tsx(11,29): error TS2305: Module '"@vct/ui"' has no exported member 'VCT_StatRow'.
packages/app/features/tournament/Page_referees.tsx(12,15): error TS2724: '"@vct/ui"' has no exported member named 'StatItem'. Did you mean 'TabItem'?
packages/app/features/tournament/Page_registration.tsx(10,10): error TS2305: Module '"@vct/ui"' has no exported member 'VCT_PageContainer'.
packages/app/features/tournament/Page_registration.tsx(10,29): error TS2305: Module '"@vct/ui"' has no exported member 'VCT_PageHero'.
packages/app/features/tournament/Page_registration.tsx(10,43): error TS2305: Module '"@vct/ui"' has no exported member 'VCT_SectionCard'.
packages/app/features/tournament/Page_registration.tsx(10,60): error TS2305: Module '"@vct/ui"' has no exported member 'VCT_StatRow'.
packages/app/features/tournament/Page_registration.tsx(11,15): error TS2724: '"@vct/ui"' has no exported member named 'StatItem'. Did you mean 'TabItem'?
packages/app/features/tournament/Page_results.tsx(10,10): error TS2305: Module '"@vct/ui"' has no exported member 'VCT_PageContainer'.
packages/app/features/tournament/Page_results.tsx(10,29): error TS2305: Module '"@vct/ui"' has no exported member 'VCT_PageHero'.
packages/app/features/tournament/Page_results.tsx(10,43): error TS2305: Module '"@vct/ui"' has no exported member 'VCT_SectionCard'.
packages/app/features/tournament/Page_results.tsx(10,60): error TS2305: Module '"@vct/ui"' has no exported member 'VCT_StatRow'.
packages/app/features/tournament/Page_results.tsx(11,15): error TS2724: '"@vct/ui"' has no exported member named 'StatItem'. Did you mean 'TabItem'?
packages/app/features/tournament/Page_san_dau.tsx(10,10): error TS2305: Module '"@vct/ui"' has no exported member 'VCT_PageContainer'.
packages/app/features/tournament/Page_san_dau.tsx(10,29): error TS2305: Module '"@vct/ui"' has no exported member 'VCT_StatRow'.
packages/app/features/tournament/Page_san_dau.tsx(11,15): error TS2724: '"@vct/ui"' has no exported member named 'StatItem'. Did you mean 'TabItem'?
packages/app/features/tournament/Page_schedule.tsx(9,10): error TS2305: Module '"@vct/ui"' has no exported member 'VCT_PageContainer'.
packages/app/features/tournament/Page_schedule.tsx(9,29): error TS2305: Module '"@vct/ui"' has no exported member 'VCT_StatRow'.
packages/app/features/tournament/Page_schedule.tsx(10,15): error TS2724: '"@vct/ui"' has no exported member named 'StatItem'. Did you mean 'TabItem'?
packages/app/features/tournament/Page_teams.tsx(12,10): error TS2305: Module '"@vct/ui"' has no exported member 'VCT_PageContainer'.
packages/app/features/tournament/Page_teams.tsx(12,29): error TS2305: Module '"@vct/ui"' has no exported member 'VCT_StatRow'.
packages/app/features/tournament/Page_teams.tsx(13,15): error TS2724: '"@vct/ui"' has no exported member named 'StatItem'. Did you mean 'TabItem'?
packages/app/features/tournament/Page_technical_meeting.tsx(9,10): error TS2305: Module '"@vct/ui"' has no exported member 'VCT_PageContainer'.
packages/app/features/tournament/Page_technical_meeting.tsx(9,29): error TS2305: Module '"@vct/ui"' has no exported member 'VCT_StatRow'.
packages/app/features/tournament/Page_technical_meeting.tsx(10,15): error TS2724: '"@vct/ui"' has no exported member named 'StatItem'. Did you mean 'TabItem'?
packages/app/features/tournament/Page_tournament_config.tsx(6,10): error TS2305: Module '"@vct/ui"' has no exported member 'VCT_PageContainer'.
packages/app/features/tournament/Page_tournament_config.tsx(6,29): error TS2305: Module '"@vct/ui"' has no exported member 'VCT_PageHero'.
packages/app/features/tournament/Page_tournament_config.tsx(6,43): error TS2305: Module '"@vct/ui"' has no exported member 'VCT_StatRow'.
packages/app/features/tournament/Page_tournament_config.tsx(7,15): error TS2724: '"@vct/ui"' has no exported member named 'StatItem'. Did you mean 'TabItem'?
packages/app/features/tournament/Page_tournament_media.tsx(6,10): error TS2305: Module '"@vct/ui"' has no exported member 'VCT_PageContainer'.
packages/app/features/tournament/Page_tournament_media.tsx(6,29): error TS2305: Module '"@vct/ui"' has no exported member 'VCT_PageHero'.
packages/app/features/tournament/Page_tournament_media.tsx(6,43): error TS2305: Module '"@vct/ui"' has no exported member 'VCT_StatRow'.
packages/app/features/tournament/Page_tournament_media.tsx(7,15): error TS2724: '"@vct/ui"' has no exported member named 'StatItem'. Did you mean 'TabItem'?
packages/app/features/tournament/Page_tournament_protests.tsx(6,10): error TS2305: Module '"@vct/ui"' has no exported member 'VCT_PageContainer'.
packages/app/features/tournament/Page_tournament_protests.tsx(6,29): error TS2305: Module '"@vct/ui"' has no exported member 'VCT_PageHero'.
packages/app/features/tournament/Page_tournament_protests.tsx(6,43): error TS2305: Module '"@vct/ui"' has no exported member 'VCT_StatRow'.
packages/app/features/tournament/Page_tournament_protests.tsx(7,15): error TS2724: '"@vct/ui"' has no exported member named 'StatItem'. Did you mean 'TabItem'?
packages/app/features/tournament/Page_weigh_in.tsx(11,10): error TS2305: Module '"@vct/ui"' has no exported member 'VCT_PageContainer'.
packages/app/features/tournament/Page_weigh_in.tsx(11,29): error TS2305: Module '"@vct/ui"' has no exported member 'VCT_StatRow'.
packages/app/features/tournament/Page_weigh_in.tsx(12,15): error TS2724: '"@vct/ui"' has no exported member named 'StatItem'. Did you mean 'TabItem'?
packages/app/features/training/Page_attendance.tsx(9,10): error TS2305: Module '"@vct/ui"' has no exported member 'VCT_PageContainer'.
packages/app/features/training/Page_attendance.tsx(9,29): error TS2305: Module '"@vct/ui"' has no exported member 'VCT_PageHero'.
packages/app/features/training/Page_attendance.tsx(9,43): error TS2305: Module '"@vct/ui"' has no exported member 'VCT_StatRow'.
packages/app/features/training/Page_attendance.tsx(10,15): error TS2724: '"@vct/ui"' has no exported member named 'StatItem'. Did you mean 'TabItem'?
packages/app/features/training/Page_belt_exams.tsx(9,10): error TS2305: Module '"@vct/ui"' has no exported member 'VCT_PageContainer'.
packages/app/features/training/Page_belt_exams.tsx(9,29): error TS2305: Module '"@vct/ui"' has no exported member 'VCT_PageHero'.
packages/app/features/training/Page_belt_exams.tsx(9,43): error TS2305: Module '"@vct/ui"' has no exported member 'VCT_StatRow'.
packages/app/features/training/Page_belt_exams.tsx(10,15): error TS2724: '"@vct/ui"' has no exported member named 'StatItem'. Did you mean 'TabItem'?
packages/app/features/training/Page_curriculum.tsx(13,10): error TS2305: Module '"@vct/ui"' has no exported member 'VCT_PageContainer'.
packages/app/features/training/Page_curriculum.tsx(13,29): error TS2305: Module '"@vct/ui"' has no exported member 'VCT_PageHero'.
packages/app/features/training/Page_curriculum.tsx(13,43): error TS2305: Module '"@vct/ui"' has no exported member 'VCT_StatRow'.
packages/app/features/training/Page_curriculum.tsx(14,15): error TS2724: '"@vct/ui"' has no exported member named 'StatItem'. Did you mean 'TabItem'?
packages/app/features/training/Page_elearning.tsx(10,10): error TS2305: Module '"@vct/ui"' has no exported member 'VCT_PageContainer'.
packages/app/features/training/Page_elearning.tsx(10,29): error TS2305: Module '"@vct/ui"' has no exported member 'VCT_PageHero'.
packages/app/features/training/Page_elearning.tsx(10,43): error TS2305: Module '"@vct/ui"' has no exported member 'VCT_StatRow'.
packages/app/features/training/Page_elearning.tsx(11,15): error TS2724: '"@vct/ui"' has no exported member named 'StatItem'. Did you mean 'TabItem'?
packages/app/features/training/Page_techniques.tsx(12,10): error TS2305: Module '"@vct/ui"' has no exported member 'VCT_PageContainer'.
packages/app/features/training/Page_techniques.tsx(12,29): error TS2305: Module '"@vct/ui"' has no exported member 'VCT_PageHero'.
packages/app/features/training/Page_techniques.tsx(12,43): error TS2305: Module '"@vct/ui"' has no exported member 'VCT_StatRow'.
packages/app/features/training/Page_techniques.tsx(13,15): error TS2724: '"@vct/ui"' has no exported member named 'StatItem'. Did you mean 'TabItem'?
packages/app/features/training/Page_training_plans.tsx(9,10): error TS2305: Module '"@vct/ui"' has no exported member 'VCT_PageContainer'.
packages/app/features/training/Page_training_plans.tsx(9,29): error TS2305: Module '"@vct/ui"' has no exported member 'VCT_PageHero'.
packages/app/features/training/Page_training_plans.tsx(9,43): error TS2305: Module '"@vct/ui"' has no exported member 'VCT_StatRow'.
packages/app/features/training/Page_training_plans.tsx(10,15): error TS2724: '"@vct/ui"' has no exported member named 'StatItem'. Did you mean 'TabItem'?
packages/app/features/user/Page_user_profile.tsx(6,10): error TS2305: Module '"@vct/ui"' has no exported member 'VCT_PageContainer'.
