go : # vct-platform/bac
kend/internal/httpapi
At line:1 char:1
+ go build ./... 2>&1 
| Out-File -Encoding 
utf8 build_errors.txt; 
Get-C ...
+ ~~~~~~~~~~~~~~~~~~~
    + CategoryInfo     
         : NotSpecifi  
  ed: (# vct-platfor   
 m/backend/internal    
/httpapi:String) [    
], RemoteException
    + FullyQualifiedEr 
   rorId : NativeComm  
  andError
 
internal\httpapi\athlet
e_profile_handler.go:32
6:16: too many 
arguments in call to 
notFound
	have 
(http.ResponseWriter, 
string)
	want 
(http.ResponseWriter)
internal\httpapi\btc_ha
ndler.go:18:51: cannot 
use 
s.handleBTCMemberList 
(value of type func(w 
http.ResponseWriter, r 
*http.Request)) as func
(http.ResponseWriter, 
*http.Request, 
auth.Principal) value 
in argument to 
s.withAuth
internal\httpapi\btc_ha
ndler.go:19:58: cannot 
use s.handleBTCMemberCr
eate (value of type 
func(w 
http.ResponseWriter, r 
*http.Request)) as func
(http.ResponseWriter, 
*http.Request, 
auth.Principal) value 
in argument to 
s.withAuth
internal\httpapi\btc_ha
ndler.go:22:52: cannot 
use 
s.handleBTCWeighInList 
(value of type func(w 
http.ResponseWriter, r 
*http.Request)) as func
(http.ResponseWriter, 
*http.Request, 
auth.Principal) value 
in argument to 
s.withAuth
internal\httpapi\btc_ha
ndler.go:23:59: cannot 
use s.handleBTCWeighInC
reate (value of type 
func(w 
http.ResponseWriter, r 
*http.Request)) as func
(http.ResponseWriter, 
*http.Request, 
auth.Principal) value 
in argument to 
s.withAuth
internal\httpapi\btc_ha
ndler.go:26:49: cannot 
use 
s.handleBTCDrawList 
(value of type func(w 
http.ResponseWriter, r 
*http.Request)) as func
(http.ResponseWriter, 
*http.Request, 
auth.Principal) value 
in argument to 
s.withAuth
internal\httpapi\btc_ha
ndler.go:27:58: cannot 
use s.handleBTCDrawGene
rate (value of type 
func(w 
http.ResponseWriter, r 
*http.Request)) as func
(http.ResponseWriter, 
*http.Request, 
auth.Principal) value 
in argument to 
s.withAuth
internal\httpapi\btc_ha
ndler.go:30:63: cannot 
use s.handleBTCAssignme
ntList (value of type 
func(w 
http.ResponseWriter, r 
*http.Request)) as func
(http.ResponseWriter, 
*http.Request, 
auth.Principal) value 
in argument to 
s.withAuth
internal\httpapi\btc_ha
ndler.go:31:70: cannot 
use s.handleBTCAssignme
ntCreate (value of 
type func(w 
http.ResponseWriter, r 
*http.Request)) as func
(http.ResponseWriter, 
*http.Request, 
auth.Principal) value 
in argument to 
s.withAuth
internal\httpapi\btc_ha
ndler.go:34:51: cannot 
use 
s.handleBTCTeamResults 
(value of type func(w 
http.ResponseWriter, r 
*http.Request)) as func
(http.ResponseWriter, 
*http.Request, 
auth.Principal) value 
in argument to 
s.withAuth
internal\httpapi\btc_ha
ndler.go:34:51: too 
many errors
